<?xml version="1.0" encoding="UTF-8" standalone="no"?>
<bundle>
  <UICLVContainer>
    <msg>
      <non-contents>Excusez-nous, aucun article n'est disponible.</non-contents>
      <item-not-found>Le contenu n'a pas été trouvé</item-not-found>
      <no-permission>Vous n'avez pas la permission d'accéder à ce contenu</no-permission>
      <category-back>Aller à la catégorie précédente</category-back>
    </msg>
    <label>
      <Preferences>Préférences</Preferences>
      <AddContent>Ajouter un contenu</AddContent>
      <ManageContent>Gérer les contenus</ManageContent>
    </label>
  </UICLVContainer>
  <UICLVConfig>
    <label>
      <ContentSelectionBlock>Sélection de contenus</ContentSelectionBlock>
      <UICLVConfigDisplayModeFormRadioBoxInput>Mode</UICLVConfigDisplayModeFormRadioBoxInput>
      <UICLVConfigItemPathFormInputSet>Chemin du répertoire</UICLVConfigItemPathFormInputSet>
      <UICLVConfigItemPathFormStringInput>Chemin du répertoire</UICLVConfigItemPathFormStringInput>
      <UICLVConfigOrderByFormSelectBox>Classement par</UICLVConfigOrderByFormSelectBox>
      <option>
        <exo:title>Titre</exo:title>
        <exo:dateCreated>Date de création</exo:dateCreated>
        <exo:dateModified>Date de modification</exo:dateModified>
        <publication:liveDate>Date de publication</publication:liveDate>
        <exo:startEvent>Date d'événement</exo:startEvent>
        <exo:index>Index</exo:index>
      </option>
      <DisplaySettingBlock>Réglages d'affichage</DisplaySettingBlock>
      <UICLVConfigHeaderFormStringInput>Entête</UICLVConfigHeaderFormStringInput>
      <UICLVConfigDisplayTemplateFormSelectBox>Modèle de vue</UICLVConfigDisplayTemplateFormSelectBox>
      <UICLVConfigPaginatorTemplateFormSelectBox>Pagination</UICLVConfigPaginatorTemplateFormSelectBox>
      <UICLVConfigTargetPageFormStringInput/>
      <UICLVConfigItemsPerPageFormStringInput>Contenus par page</UICLVConfigItemsPerPageFormStringInput>
      <UICLVConfigShowSummaryFormCheckboxInput>Afficher le résumé</UICLVConfigShowSummaryFormCheckboxInput>
      <UICLVConfigShowHeaderFormCheckboxInput>Afficher l'entête</UICLVConfigShowHeaderFormCheckboxInput>
      <UICLVConfigShowRefreshFormCheckboxInput>Afficher le bouton actualiser</UICLVConfigShowRefreshFormCheckboxInput>
      <UICLVConfigShowTitleFormCheckboxInput>Afficher le titre</UICLVConfigShowTitleFormCheckboxInput>
      <UICLVConfigShowDateCreatedFormCheckboxInput>Afficher la date</UICLVConfigShowDateCreatedFormCheckboxInput>
      <UICLVConfigShowLinkFormCheckboxInput>Afficher le lien</UICLVConfigShowLinkFormCheckboxInput>
      <UICLVConfigShowAutomaticDetectionCheckboxInput>Détection automatique</UICLVConfigShowAutomaticDetectionCheckboxInput>
      <ContentPath>Chemin de contenu</ContentPath>
      <Up>Monter</Up>
      <Down>Dessendre</Down>
      <Title>Préférences des contenus</Title>
      <UICLVConfigShowRssLinkFormCheckboxInput>Afficher les flux RSS</UICLVConfigShowRssLinkFormCheckboxInput>
      <UICLVConfigShowReadmoreFormCheckboxInput>Afficher "En savoir plus"</UICLVConfigShowReadmoreFormCheckboxInput>
      <UICLVConfigShowIllustrationFormCheckboxInput>Afficher l'image</UICLVConfigShowIllustrationFormCheckboxInput>
      <AdvancedBlock>Avancée</AdvancedBlock>
      <UICLVConfigDynamicNavigationLabel>Navigation dynamique</UICLVConfigDynamicNavigationLabel>
      <UICLVConfigContextualFolderRadioBoxInput>Répertoire contextuel</UICLVConfigContextualFolderRadioBoxInput>
      <UICLVConfigShowCLVByStringInput>par</UICLVConfigShowCLVByStringInput>
      <UICLVConfigshowSCVWithStringInput>avec</UICLVConfigshowSCVWithStringInput>
      <UICLVConfigTargetPageFormInputSet>Afficher dans la page</UICLVConfigTargetPageFormInputSet>
      <content-not-found>Le contenu n'a pas été trouvé</content-not-found>
      <UICLVConfigCacheManagementLabel>Contenu visibilité</UICLVConfigCacheManagementLabel>
      <UICLVConfigCacheEnableRadioBoxInput>Partager les contenus entre les utilisateurs</UICLVConfigCacheEnableRadioBoxInput>
      <UICLVContentByQueryLabel>Contenu par requête</UICLVContentByQueryLabel>
      <UICLVConfigWorkspaceFormSelectBox>Workspace</UICLVConfigWorkspaceFormSelectBox>
      <UICLVConfigContentByQueryTextArea>par requête</UICLVConfigContentByQueryTextArea>
    </label>
    <action>
      <Save>Enregistrer</Save>
      <Cancel>Annuler</Cancel>
    </action>
    <msg>
      <not-valid-path>Ce chemin est invalide</not-valid-path>
      <saving-success>Vos préférences ont été enregistrées</saving-success>
    </msg>
    <help>
      <ModeSelectionHelp>Deux modes sont disponibles pour affichers les contenus. "Par répertoire" affichage de tous les contenus présents dans le répertoire (ou catégorie) sélectionné ; "Par contenus" vous permet de choisir manuellement les contenus à afficher.</ModeSelectionHelp>
      <FolderPathHelp>Sélectionnez les contenus qui vous souhaitez afficher. La sélection par défaut sera remplacée dynamiquement si vous activez la Navigation Dynamique (voir Avancé, ci-dessous)</FolderPathHelp>
      <HeaderOptionHelp>Afficher un entête sur la liste des contenus. Si la "Détection automatique" est activée, l'application tentera d'afficher un entête basé sur la sélection courante.</HeaderOptionHelp>
      <GeneralOptionHelp>Choisissez les éléments graphiques que vous souhaitez voir. Suivant le modèle de vue choisi, certains éléments ne seront pas disponibles.</GeneralOptionHelp>
      <ContextualHelp>Active la navigation dynamique. Les contenus peuvent être changés dynamiquement par un chemin fourni dans un paramètre de l'URL.</ContextualHelp>
      <ParameterHelp>Ce paramètre sera utilisé pour récupérer le contenu si la Navigation Dynamique est activée.</ParameterHelp>
      <ShowDetailInPageHelp>Cliquer sur un contenu redirige sur une page de détail. Vous devez avoir une portlet "Contenu par URL" configurée en "Navigation dynamique" sur la page cible pour afficher le contenu.</ShowDetailInPageHelp>
      <DetailParameterHelp>Ce paramètre contiendra le chemin vers le contenu à afficher dans la page de détail. Il doit être identique au paramètre utilisé dans la portlet "Contenu par URL" de la page.</DetailParameterHelp>
    </help>
  </UICLVConfig>
  <UICLVConfigDisplayModeFormRadioBoxInput>
    <label>
      <AutoViewerMode>Par Répertoire</AutoViewerMode>
      <ManualViewerMode>Par Contenus</ManualViewerMode>
    </label>
  </UICLVConfigDisplayModeFormRadioBoxInput>
  <UICLVConfigItemPathFormInputSet>
    <title>
      <SelectFolderPath>Sélectionner le répertoire</SelectFolderPath>
    </title>
  </UICLVConfigItemPathFormInputSet>
  <FolderPathSelectorPopupWindow>
    <title>
      <UIContentSelectorFolder>Navigateur de répertoires</UIContentSelectorFolder>
    </title>
  </FolderPathSelectorPopupWindow>
  <UICLVConfigOrderTypeFormRadioBoxInput>
    <label>
      <OrderDesc>Descendant</OrderDesc>
      <OrderAsc>Ascendant</OrderAsc>
    </label>
  </UICLVConfigOrderTypeFormRadioBoxInput>
  <UICLVBasePathPopupWindow>
    <title>
      <UIPageSelector>Sélecteur de page</UIPageSelector>
    </title>
  </UICLVBasePathPopupWindow>
  <UICLVPresentation>
    <label>
      <readmore>Lire la suite</readmore>
      <draft>Brouillon</draft>
      <rssFeed>Flux RSS</rssFeed>
    </label>
    <action>
      <refresh>Rafraîchir</refresh>
      <edit>Modifier dans l'explorateur de contenu</edit>
      <delete>Effacer</delete>
      <publish>Publier</publish>
    </action>
  </UICLVPresentation>
  <CorrectContentSelectorPopupWindow>
    <title>
      <UIContentSelectorMulti>Sélecteur de contenus</UIContentSelectorMulti>
    </title>
  </CorrectContentSelectorPopupWindow>
  <UIContentDialogFormPopupWindow>
    <title>
      <UIContentDialogForm>Edition du contenu</UIContentDialogForm>
    </title>
  </UIContentDialogFormPopupWindow>
  <UIViewerManagementPopupWindow>
    <title>
      <UICLVConfig>Préférences des contenus</UICLVConfig>
    </title>
  </UIViewerManagementPopupWindow>
  <UICLVConfigContextualFolderRadioBoxInput>
    <label>
      <contextualEnable>Activé</contextualEnable>
      <contextualDisable>Désactivé</contextualDisable>
    </label>
  </UICLVConfigContextualFolderRadioBoxInput>
  <UICLVConfigTargetPageFormInputSet>
    <title>
      <SelectBasePath>Afficher dans la page</SelectBasePath>
      <SelectTargetPage>Afficher dans la page</SelectTargetPage>
    </title>
  </UICLVConfigTargetPageFormInputSet>
  <PublicationStates>
    <archived>Archivé</archived>
    <obsolete>Obsolète</obsolete>
    <unpublished>Non publié</unpublished>
    <enrolled>Créé</enrolled>
    <draft>Brouillon</draft>
    <pending>Rédigé</pending>
    <approved>Validé</approved>
    <inreview>En revue</inreview>
    <staged>Prêt à publier</staged>
    <published>Publié</published>
  </PublicationStates>
  <UICLVConfigCacheEnableRadioBoxInput>
    <label>
      <ENABLE>Limité par l'authentification</ENABLE>
      <DISABLE>Limité par le rôle de l'utilisateur</DISABLE>
    </label>
  </UICLVConfigCacheEnableRadioBoxInput>
</bundle>
