<?xml version="1.0" encoding="UTF-8" standalone="no"?>
<messagebundle>
  <msg name="loginHistory.title">Login History</msg>
  <msg name="loginHistory.user">User</msg>
  <msg name="loginHistory.find">Find</msg>
  <msg name="loginHistory.latest">Reset</msg>
  <msg name="loginHistory.lastLogin">Last login</msg>
  <msg name="loginHistory.beforeThat">Before that</msg>
  <msg name="loginHistory.more">More</msg>
  <msg name="loginHistory.stats">stats</msg>
  <msg name="loginHistory.history">history</msg>
  <msg name="loginHistory.global">Global</msg>
  <msg name="loginHistory.week">Week</msg>
  <msg name="loginHistory.lastLoginsView">Last logins</msg>
  <msg name="loginHistory.historyView">History</msg>
  <msg name="loginHistory.statisticsView">Statistics</msg>
  <msg name="loginHistory.averagePerDay">Average logins / day</msg>
  <msg name="loginHistory.averagePerWeek">Average logins / week</msg>
  <msg name="loginHistory.averagePerMonth">Average logins / month</msg>
  <msg name="loginHistory.today">Today</msg>
  <msg name="loginHistory.earlierThisWeek">Earlier this week</msg>
  <msg name="loginHistory.earlierThisMonth">Earlier this month</msg>
  <msg name="loginHistory.earlier">Earlier</msg>
  <msg name="loginHistory.allUsers">All users</msg>
  <msg name="loginHistory.unknow">unknow</msg>
  <msg name="loginHistory.next">next</msg>
  <msg name="loginHistory.ago">ago</msg>
</messagebundle>
